    1                  	      	.data
    2                   calculator:
    3 10010000 c4c4da0a		.ascii "\nздддддддддддддддддддддддддддддддддддддддддддддддд©"
    4 10010033 da20b30a		.ascii "\nЁ здддддддддддддддд©       зддддддддддддддддд©   Ё"
    5 10010066 b320b30a		.ascii "\nЁ ЁЫDec o Hex o BinЁ       Ё                 Ё   Ё"
    6 10010099 c020b30a		.ascii "\nЁ юдддддддддддддддды       юддддддддддддддддды   Ё"
    7 100100cc da20b30a		.ascii "\nЁ зддддддддддддддддддддддд©зд©зд©зд©здд©здд© здд©Ё"
    8 100100ff b320b30a		.ascii "\nЁ ЁЫDeg o Radians o Grads ЁЁDЁЁEЁЁFЁЁM+ЁЁM-Ё Ё  ЁЁ"
    9 10010132 c020b30a		.ascii "\nЁ юдддддддддддддддддддддддыюдыюдыюдыюддыюдды юддыЁ"
   10 10010165 da20b30a		.ascii "\nЁ зддд©зддд©зддд©зддд©зддд©зд©зд©зд©здд©здд© здд©Ё"
   11 10010198 b320b30a		.ascii "\nЁ Ё   ЁЁInvЁЁln ЁЁ(  ЁЁ ) ЁЁAЁЁBЁЁCЁЁЯ ЁЁШ Ё ЁMSЁЁ"
   12 100101cb c020b30a		.ascii "\nЁ юдддыюдддыюдддыюдддыюдддыюдыюдыюдыюддыюдды юддыЁ" 
   13 100101fe da20b30a		.ascii "\nЁ зддд©здддд©зддд©здд©зддд©зд©зд©зд©здд©здд© здд©Ё"
   14 10010231 b320b30a		.ascii "\nЁ ЁintЁЁsinhЁЁsinЁЁxЩЁЁ n!ЁЁ7ЁЁ8ЁЁ9ЁЁ/ ЁЁ% Ё ЁMRЁЁ"
   15 10010264 c020b30a		.ascii "\nЁ юдддыюддддыюдддыюддыюдддыюдыюдыюдыюддыюдды юддыЁ"  
   16 10010297 da20b30a		.ascii "\nЁ зддд©здддд©зддд©здд©зддд©зд©зд©зд©зд©зддд© здд©Ё"
   17 100102ca b320b30a		.ascii "\nЁ ЁdmsЁЁcoshЁЁcosЁЁxЭЁЁnШxЁЁ4ЁЁ5ЁЁ6ЁЁ*ЁЁ1/xЁ ЁMCЁЁ"
   18 100102fd c020b30a		.ascii "\nЁ юдддыюддддыюдддыюддыюдддыюдыюдыюдыюдыюддды юддыЁ" 
   19 10010330 da20b30a		.ascii "\nЁ здд©здддд©зддд©зддд©зддд©зд©зд©зд©здд©зддд©здд©Ё"
   20 10010363 b320b30a		.ascii "\nЁ ЁЦ ЁЁtanhЁЁtanЁЁx^3ЁЁ3ШxЁЁ1ЁЁ2ЁЁ3ЁЁ- ЁЁ   ЁЁCEЁЁ"
   21 10010396 c020b30a		.ascii "\nЁ юддыюддддыюдддыюдддыюдддыюдыюдыюдыюддыЁ = ЁюддыЁ" 
   22 100103c9 da20b30a		.ascii "\nЁ зддд©зддд©зддд©зддд©зддд©здддд©зд©здд©Ё   Ёздд©Ё"
   23 100103fc b320b30a		.ascii "\nЁ ЁF-EЁЁExpЁЁmodЁЁlogЁЁ10ЭЁЁ  0 ЁЁ.ЁЁ+ ЁЁ   ЁЁ CЁЁ"
   24 1001042f c020b30a		.ascii "\nЁ юдддыюдддыюдддыюдддыюдддыюддддыюдыюддыюдддыюддыЁ"
   25 10010462 c4c4c00a		.ascii "\nюдддддддддддддддддддддддддддддддддддддддддддддддды"
   26                  		.code
   27                   
   28                   main:
   29                  		la $a0,calculator
   29 00400000 3c041001		lui	$a0,0x1001
   29 00400004 34840000		ori	$a0,$a0,0x00
   30 00400008 0000010c		syscall $print_string
   31 0040000c 0000028c		syscall $exit 
                 	